---
source: src/minify.rs
expression: minified
---
<!doctype html><html lang=en><meta charset=utf-8><title>Test</title><body><h1>Hello</h1><p class=test>World
